// Jest Snapshot v1, https://goo.gl/fbAQLP

exports[`columns editor section test nonexisting table render 1`] = `
<div>
  <div
    class="alert alert-warning"
  >
    <h3>
      Table Missing
    </h3>
    <div
      class="help-block"
    >
      <span>
        Table 
        <code>
          in.some.table
        </code>
         used in this configuration is missing in Storage. Running this configuration will fail.
      </span>
    </div>
  </div>
  <div>
    <h3>
      Columns
    </h3>
    <div
      class="storage-table-columns-editor-wrapper"
    >
      <table
        class="storage-table-columns-editor table table-striped"
      >
        <thead>
          <tr>
            <th
              class="col-md-2"
            >
              Column Name
            </th>
            <th>
              Column Setup
            </th>
            <th
              class="col-md-1"
            >
              Preview
            </th>
          </tr>
        </thead>
        <tbody>
          <tr
            class=""
          >
            <td
              class="column-name"
            >
              age
            </td>
            <td>
              <span>
                <div>
                  age
                </div>
                <div>
                  number
                </div>
                <div />
                <div>
                  3
                </div>
                <span>
                   ignore column
                </span>
              </span>
            </td>
            <td>
              <button
                class="btn btn-link"
                type="button"
              >
                <i
                  class="fa fa-eye"
                />
              </button>
            </td>
          </tr>
          <tr
            class=""
          >
            <td
              class="column-name"
            >
              person
            </td>
            <td>
              <span>
                <div>
                  person
                </div>
                <div>
                  varchar
                </div>
                <div />
                <div>
                  3
                </div>
                <span>
                   ignore column
                </span>
              </span>
            </td>
            <td>
              <button
                class="btn btn-link"
                type="button"
              >
                <i
                  class="fa fa-eye"
                />
              </button>
            </td>
          </tr>
          <tr
            class=""
          >
            <td
              class="column-name"
            >
              deletedColumn
            </td>
            <td>
              <span>
                <div>
                  deletedColumn
                </div>
                <div>
                  varchar
                </div>
                <div />
                <div>
                  3
                </div>
                <span>
                   ignore column
                </span>
              </span>
            </td>
            <td>
              <button
                class="btn btn-link"
                type="button"
              >
                <i
                  class="fa fa-eye"
                />
              </button>
            </td>
          </tr>
        </tbody>
      </table>
    </div>
  </div>
</div>
`;

exports[`columns editor section test render 1`] = `
<div>
  <div>
    <h3>
      Columns
    </h3>
    <div
      class="storage-table-columns-editor-wrapper"
    >
      <table
        class="storage-table-columns-editor table table-striped"
      >
        <thead>
          <tr>
            <th
              class="col-md-2"
            >
              Column Name
            </th>
            <th>
              Column Setup
            </th>
            <th
              class="col-md-1"
            >
              Preview
            </th>
          </tr>
        </thead>
        <tbody>
          <tr
            class=""
          >
            <td
              class="column-name"
            >
              age
            </td>
            <td>
              <span>
                <div>
                  age
                </div>
                <div>
                  number
                </div>
                <div>
                  in.some.table
                </div>
                <div>
                  4
                </div>
                <span>
                   ignore column
                </span>
              </span>
            </td>
            <td>
              <button
                class="btn btn-link"
                type="button"
              >
                <i
                  class="fa fa-eye"
                />
              </button>
            </td>
          </tr>
          <tr
            class=""
          >
            <td
              class="column-name"
            >
              person
            </td>
            <td>
              <span>
                <div>
                  person
                </div>
                <div>
                  varchar
                </div>
                <div>
                  in.some.table
                </div>
                <div>
                  4
                </div>
                <span>
                   ignore column
                </span>
              </span>
            </td>
            <td>
              <button
                class="btn btn-link"
                type="button"
              >
                <i
                  class="fa fa-eye"
                />
              </button>
            </td>
          </tr>
          <tr
            class="danger"
          >
            <td
              class="column-name"
            >
              otherColumn
            </td>
            <td>
              <span>
                <div>
                  otherColumn
                </div>
                <div>
                  ignore
                </div>
                <div>
                  in.some.table
                </div>
                <div>
                  4
                </div>
                <span>
                   ignore column
                </span>
              </span>
            </td>
            <td>
              <button
                class="btn btn-link"
                type="button"
              >
                <i
                  class="fa fa-eye"
                />
              </button>
            </td>
          </tr>
          <tr
            class=""
          >
            <td
              class="column-name"
            >
              deletedColumn
            </td>
            <td>
              <span>
                <div>
                  deletedColumn
                </div>
                <div>
                  varchar
                </div>
                <div>
                  in.some.table
                </div>
                <div>
                  4
                </div>
                <span>
                   ignore column
                </span>
              </span>
            </td>
            <td>
              <button
                class="btn btn-link"
                type="button"
              >
                <i
                  class="fa fa-eye"
                />
              </button>
            </td>
          </tr>
        </tbody>
      </table>
    </div>
  </div>
</div>
`;
