exports[`<Expiration /> should render expiration warning when expiration is close 1`] = `
<AlertBlock
  title="This project will expire in 1 day"
  type="warning">
  <p>
    Please 
    <a
      onClick={[Function]}>
      contact support
    </a>
     for project plan upgrade.
  </p>
</AlertBlock>
`;

exports[`<Expiration /> should render nothing when expiration is in long time 1`] = `null`;
